<?xml version="1.0"?>
<link_info>
   <banner>MSP430 Linker Unix v4.2.1</banner>
   <copyright>Copyright (c) 2003-2013 Texas Instruments Incorporated</copyright>
   <link_time>0x52b36a27</link_time>
   <link_errors>0x0</link_errors>
   <output_file>emptyUsbProject.out</output_file>
   <entry_point>
      <name>_c_int00</name>
      <address>0xdb2e</address>
   </entry_point>
   <input_file_list>
      <input_file id="fl-2">
         <path>./USB_API/USB_CDC_API/</path>
         <kind>object</kind>
         <file>UsbCdc.obj</file>
         <name>UsbCdc.obj</name>
      </input_file>
      <input_file id="fl-3">
         <path>./USB_API/USB_Common/</path>
         <kind>object</kind>
         <file>usbdma.obj</file>
         <name>usbdma.obj</name>
      </input_file>
      <input_file id="fl-4">
         <path>./USB_API/USB_Common/</path>
         <kind>object</kind>
         <file>usb.obj</file>
         <name>usb.obj</name>
      </input_file>
      <input_file id="fl-5">
         <path>./USB_API/USB_HID_API/</path>
         <kind>object</kind>
         <file>UsbHidReq.obj</file>
         <name>UsbHidReq.obj</name>
      </input_file>
      <input_file id="fl-6">
         <path>./USB_API/USB_HID_API/</path>
         <kind>object</kind>
         <file>UsbHid.obj</file>
         <name>UsbHid.obj</name>
      </input_file>
      <input_file id="fl-7">
         <path>./USB_API/USB_MSC_API/</path>
         <kind>object</kind>
         <file>UsbMscStateMachine.obj</file>
         <name>UsbMscStateMachine.obj</name>
      </input_file>
      <input_file id="fl-8">
         <path>./USB_API/USB_MSC_API/</path>
         <kind>object</kind>
         <file>UsbMscScsi.obj</file>
         <name>UsbMscScsi.obj</name>
      </input_file>
      <input_file id="fl-9">
         <path>./USB_API/USB_MSC_API/</path>
         <kind>object</kind>
         <file>UsbMscReq.obj</file>
         <name>UsbMscReq.obj</name>
      </input_file>
      <input_file id="fl-a">
         <path>./USB_API/USB_PHDC_API/</path>
         <kind>object</kind>
         <file>UsbPHDC.obj</file>
         <name>UsbPHDC.obj</name>
      </input_file>
      <input_file id="fl-b">
         <path>./USB_app/</path>
         <kind>object</kind>
         <file>usbEventHandling.obj</file>
         <name>usbEventHandling.obj</name>
      </input_file>
      <input_file id="fl-c">
         <path>./USB_app/</path>
         <kind>object</kind>
         <file>usbConstructs.obj</file>
         <name>usbConstructs.obj</name>
      </input_file>
      <input_file id="fl-d">
         <path>./USB_config/</path>
         <kind>object</kind>
         <file>descriptors.obj</file>
         <name>descriptors.obj</name>
      </input_file>
      <input_file id="fl-e">
         <path>./USB_config/</path>
         <kind>object</kind>
         <file>UsbIsr.obj</file>
         <name>UsbIsr.obj</name>
      </input_file>
      <input_file id="fl-f">
         <path>./driverlib/MSP430F5xx_6xx/</path>
         <kind>object</kind>
         <file>wdt_a.obj</file>
         <name>wdt_a.obj</name>
      </input_file>
      <input_file id="fl-10">
         <path>./driverlib/MSP430F5xx_6xx/</path>
         <kind>object</kind>
         <file>usci_uart.obj</file>
         <name>usci_uart.obj</name>
      </input_file>
      <input_file id="fl-11">
         <path>./driverlib/MSP430F5xx_6xx/</path>
         <kind>object</kind>
         <file>usci_spi.obj</file>
         <name>usci_spi.obj</name>
      </input_file>
      <input_file id="fl-12">
         <path>./driverlib/MSP430F5xx_6xx/</path>
         <kind>object</kind>
         <file>usci_i2c.obj</file>
         <name>usci_i2c.obj</name>
      </input_file>
      <input_file id="fl-13">
         <path>./driverlib/MSP430F5xx_6xx/</path>
         <kind>object</kind>
         <file>usci_b_spi.obj</file>
         <name>usci_b_spi.obj</name>
      </input_file>
      <input_file id="fl-14">
         <path>./driverlib/MSP430F5xx_6xx/</path>
         <kind>object</kind>
         <file>usci_b_i2c.obj</file>
         <name>usci_b_i2c.obj</name>
      </input_file>
      <input_file id="fl-15">
         <path>./driverlib/MSP430F5xx_6xx/</path>
         <kind>object</kind>
         <file>usci_a_uart.obj</file>
         <name>usci_a_uart.obj</name>
      </input_file>
      <input_file id="fl-16">
         <path>./driverlib/MSP430F5xx_6xx/</path>
         <kind>object</kind>
         <file>usci_a_spi.obj</file>
         <name>usci_a_spi.obj</name>
      </input_file>
      <input_file id="fl-17">
         <path>./driverlib/MSP430F5xx_6xx/</path>
         <kind>object</kind>
         <file>ucs.obj</file>
         <name>ucs.obj</name>
      </input_file>
      <input_file id="fl-18">
         <path>./driverlib/MSP430F5xx_6xx/</path>
         <kind>object</kind>
         <file>tlv.obj</file>
         <name>tlv.obj</name>
      </input_file>
      <input_file id="fl-19">
         <path>./driverlib/MSP430F5xx_6xx/</path>
         <kind>object</kind>
         <file>timer_d.obj</file>
         <name>timer_d.obj</name>
      </input_file>
      <input_file id="fl-1a">
         <path>./driverlib/MSP430F5xx_6xx/</path>
         <kind>object</kind>
         <file>timer_b.obj</file>
         <name>timer_b.obj</name>
      </input_file>
      <input_file id="fl-1b">
         <path>./driverlib/MSP430F5xx_6xx/</path>
         <kind>object</kind>
         <file>timer_a.obj</file>
         <name>timer_a.obj</name>
      </input_file>
      <input_file id="fl-1c">
         <path>./driverlib/MSP430F5xx_6xx/</path>
         <kind>object</kind>
         <file>tec.obj</file>
         <name>tec.obj</name>
      </input_file>
      <input_file id="fl-1d">
         <path>./driverlib/MSP430F5xx_6xx/</path>
         <kind>object</kind>
         <file>sys.obj</file>
         <name>sys.obj</name>
      </input_file>
      <input_file id="fl-1e">
         <path>./driverlib/MSP430F5xx_6xx/</path>
         <kind>object</kind>
         <file>sfr.obj</file>
         <name>sfr.obj</name>
      </input_file>
      <input_file id="fl-1f">
         <path>./driverlib/MSP430F5xx_6xx/</path>
         <kind>object</kind>
         <file>sd24_b.obj</file>
         <name>sd24_b.obj</name>
      </input_file>
      <input_file id="fl-20">
         <path>./driverlib/MSP430F5xx_6xx/</path>
         <kind>object</kind>
         <file>rtc_c.obj</file>
         <name>rtc_c.obj</name>
      </input_file>
      <input_file id="fl-21">
         <path>./driverlib/MSP430F5xx_6xx/</path>
         <kind>object</kind>
         <file>rtc_b.obj</file>
         <name>rtc_b.obj</name>
      </input_file>
      <input_file id="fl-22">
         <path>./driverlib/MSP430F5xx_6xx/</path>
         <kind>object</kind>
         <file>rtc_a.obj</file>
         <name>rtc_a.obj</name>
      </input_file>
      <input_file id="fl-23">
         <path>./driverlib/MSP430F5xx_6xx/</path>
         <kind>object</kind>
         <file>ref.obj</file>
         <name>ref.obj</name>
      </input_file>
      <input_file id="fl-24">
         <path>./driverlib/MSP430F5xx_6xx/</path>
         <kind>object</kind>
         <file>ram.obj</file>
         <name>ram.obj</name>
      </input_file>
      <input_file id="fl-25">
         <path>./driverlib/MSP430F5xx_6xx/</path>
         <kind>object</kind>
         <file>pmm.obj</file>
         <name>pmm.obj</name>
      </input_file>
      <input_file id="fl-26">
         <path>./driverlib/MSP430F5xx_6xx/</path>
         <kind>object</kind>
         <file>pmap.obj</file>
         <name>pmap.obj</name>
      </input_file>
      <input_file id="fl-27">
         <path>./driverlib/MSP430F5xx_6xx/</path>
         <kind>object</kind>
         <file>mpy32.obj</file>
         <name>mpy32.obj</name>
      </input_file>
      <input_file id="fl-28">
         <path>./driverlib/MSP430F5xx_6xx/</path>
         <kind>object</kind>
         <file>ldopwr.obj</file>
         <name>ldopwr.obj</name>
      </input_file>
      <input_file id="fl-29">
         <path>./driverlib/MSP430F5xx_6xx/</path>
         <kind>object</kind>
         <file>gpio.obj</file>
         <name>gpio.obj</name>
      </input_file>
      <input_file id="fl-2a">
         <path>./driverlib/MSP430F5xx_6xx/</path>
         <kind>object</kind>
         <file>flash.obj</file>
         <name>flash.obj</name>
      </input_file>
      <input_file id="fl-2b">
         <path>./driverlib/MSP430F5xx_6xx/</path>
         <kind>object</kind>
         <file>eusci_uart.obj</file>
         <name>eusci_uart.obj</name>
      </input_file>
      <input_file id="fl-2c">
         <path>./driverlib/MSP430F5xx_6xx/</path>
         <kind>object</kind>
         <file>eusci_spi.obj</file>
         <name>eusci_spi.obj</name>
      </input_file>
      <input_file id="fl-2d">
         <path>./driverlib/MSP430F5xx_6xx/</path>
         <kind>object</kind>
         <file>eusci_i2c.obj</file>
         <name>eusci_i2c.obj</name>
      </input_file>
      <input_file id="fl-2e">
         <path>./driverlib/MSP430F5xx_6xx/</path>
         <kind>object</kind>
         <file>eusci_b_spi.obj</file>
         <name>eusci_b_spi.obj</name>
      </input_file>
      <input_file id="fl-2f">
         <path>./driverlib/MSP430F5xx_6xx/</path>
         <kind>object</kind>
         <file>eusci_b_i2c.obj</file>
         <name>eusci_b_i2c.obj</name>
      </input_file>
      <input_file id="fl-30">
         <path>./driverlib/MSP430F5xx_6xx/</path>
         <kind>object</kind>
         <file>eusci_a_uart.obj</file>
         <name>eusci_a_uart.obj</name>
      </input_file>
      <input_file id="fl-31">
         <path>./driverlib/MSP430F5xx_6xx/</path>
         <kind>object</kind>
         <file>eusci_a_spi.obj</file>
         <name>eusci_a_spi.obj</name>
      </input_file>
      <input_file id="fl-32">
         <path>./driverlib/MSP430F5xx_6xx/</path>
         <kind>object</kind>
         <file>dma.obj</file>
         <name>dma.obj</name>
      </input_file>
      <input_file id="fl-33">
         <path>./driverlib/MSP430F5xx_6xx/</path>
         <kind>object</kind>
         <file>dac12_a.obj</file>
         <name>dac12_a.obj</name>
      </input_file>
      <input_file id="fl-34">
         <path>./driverlib/MSP430F5xx_6xx/</path>
         <kind>object</kind>
         <file>crc.obj</file>
         <name>crc.obj</name>
      </input_file>
      <input_file id="fl-35">
         <path>./driverlib/MSP430F5xx_6xx/</path>
         <kind>object</kind>
         <file>comp_b.obj</file>
         <name>comp_b.obj</name>
      </input_file>
      <input_file id="fl-36">
         <path>./driverlib/MSP430F5xx_6xx/</path>
         <kind>object</kind>
         <file>bak_batt.obj</file>
         <name>bak_batt.obj</name>
      </input_file>
      <input_file id="fl-37">
         <path>./driverlib/MSP430F5xx_6xx/</path>
         <kind>object</kind>
         <file>aes.obj</file>
         <name>aes.obj</name>
      </input_file>
      <input_file id="fl-38">
         <path>./driverlib/MSP430F5xx_6xx/</path>
         <kind>object</kind>
         <file>adc12_a.obj</file>
         <name>adc12_a.obj</name>
      </input_file>
      <input_file id="fl-39">
         <path>./driverlib/MSP430F5xx_6xx/</path>
         <kind>object</kind>
         <file>adc10_a.obj</file>
         <name>adc10_a.obj</name>
      </input_file>
      <input_file id="fl-3a">
         <path>./</path>
         <kind>object</kind>
         <file>main.obj</file>
         <name>main.obj</name>
      </input_file>
      <input_file id="fl-3b">
         <path>./</path>
         <kind>object</kind>
         <file>hal.obj</file>
         <name>hal.obj</name>
      </input_file>
      <input_file id="fl-5c">
         <path>/home/phooky/ti/ccsv5/tools/compiler/msp430_4.2.1/lib/</path>
         <kind>archive</kind>
         <file>rts430x_lc_sd_eabi.lib</file>
         <name>boot.obj</name>
      </input_file>
      <input_file id="fl-5d">
         <path>/home/phooky/ti/ccsv5/tools/compiler/msp430_4.2.1/lib/</path>
         <kind>archive</kind>
         <file>rts430x_lc_sd_eabi.lib</file>
         <name>copy_decompress_none.obj</name>
      </input_file>
      <input_file id="fl-5e">
         <path>/home/phooky/ti/ccsv5/tools/compiler/msp430_4.2.1/lib/</path>
         <kind>archive</kind>
         <file>rts430x_lc_sd_eabi.lib</file>
         <name>copy_decompress_rle.obj</name>
      </input_file>
      <input_file id="fl-5f">
         <path>/home/phooky/ti/ccsv5/tools/compiler/msp430_4.2.1/lib/</path>
         <kind>archive</kind>
         <file>rts430x_lc_sd_eabi.lib</file>
         <name>copy_zero_init.obj</name>
      </input_file>
      <input_file id="fl-60">
         <path>/home/phooky/ti/ccsv5/tools/compiler/msp430_4.2.1/lib/</path>
         <kind>archive</kind>
         <file>rts430x_lc_sd_eabi.lib</file>
         <name>cpy_util.obj</name>
      </input_file>
      <input_file id="fl-61">
         <path>/home/phooky/ti/ccsv5/tools/compiler/msp430_4.2.1/lib/</path>
         <kind>archive</kind>
         <file>rts430x_lc_sd_eabi.lib</file>
         <name>div16s.obj</name>
      </input_file>
      <input_file id="fl-62">
         <path>/home/phooky/ti/ccsv5/tools/compiler/msp430_4.2.1/lib/</path>
         <kind>archive</kind>
         <file>rts430x_lc_sd_eabi.lib</file>
         <name>div16u.obj</name>
      </input_file>
      <input_file id="fl-63">
         <path>/home/phooky/ti/ccsv5/tools/compiler/msp430_4.2.1/lib/</path>
         <kind>archive</kind>
         <file>rts430x_lc_sd_eabi.lib</file>
         <name>div32s.obj</name>
      </input_file>
      <input_file id="fl-64">
         <path>/home/phooky/ti/ccsv5/tools/compiler/msp430_4.2.1/lib/</path>
         <kind>archive</kind>
         <file>rts430x_lc_sd_eabi.lib</file>
         <name>div32u.obj</name>
      </input_file>
      <input_file id="fl-65">
         <path>/home/phooky/ti/ccsv5/tools/compiler/msp430_4.2.1/lib/</path>
         <kind>archive</kind>
         <file>rts430x_lc_sd_eabi.lib</file>
         <name>exit.obj</name>
      </input_file>
      <input_file id="fl-66">
         <path>/home/phooky/ti/ccsv5/tools/compiler/msp430_4.2.1/lib/</path>
         <kind>archive</kind>
         <file>rts430x_lc_sd_eabi.lib</file>
         <name>int41.obj</name>
      </input_file>
      <input_file id="fl-67">
         <path>/home/phooky/ti/ccsv5/tools/compiler/msp430_4.2.1/lib/</path>
         <kind>archive</kind>
         <file>rts430x_lc_sd_eabi.lib</file>
         <name>int42.obj</name>
      </input_file>
      <input_file id="fl-68">
         <path>/home/phooky/ti/ccsv5/tools/compiler/msp430_4.2.1/lib/</path>
         <kind>archive</kind>
         <file>rts430x_lc_sd_eabi.lib</file>
         <name>int43.obj</name>
      </input_file>
      <input_file id="fl-69">
         <path>/home/phooky/ti/ccsv5/tools/compiler/msp430_4.2.1/lib/</path>
         <kind>archive</kind>
         <file>rts430x_lc_sd_eabi.lib</file>
         <name>int44.obj</name>
      </input_file>
      <input_file id="fl-6a">
         <path>/home/phooky/ti/ccsv5/tools/compiler/msp430_4.2.1/lib/</path>
         <kind>archive</kind>
         <file>rts430x_lc_sd_eabi.lib</file>
         <name>int45.obj</name>
      </input_file>
      <input_file id="fl-6b">
         <path>/home/phooky/ti/ccsv5/tools/compiler/msp430_4.2.1/lib/</path>
         <kind>archive</kind>
         <file>rts430x_lc_sd_eabi.lib</file>
         <name>int46.obj</name>
      </input_file>
      <input_file id="fl-6c">
         <path>/home/phooky/ti/ccsv5/tools/compiler/msp430_4.2.1/lib/</path>
         <kind>archive</kind>
         <file>rts430x_lc_sd_eabi.lib</file>
         <name>int47.obj</name>
      </input_file>
      <input_file id="fl-6d">
         <path>/home/phooky/ti/ccsv5/tools/compiler/msp430_4.2.1/lib/</path>
         <kind>archive</kind>
         <file>rts430x_lc_sd_eabi.lib</file>
         <name>int48.obj</name>
      </input_file>
      <input_file id="fl-6e">
         <path>/home/phooky/ti/ccsv5/tools/compiler/msp430_4.2.1/lib/</path>
         <kind>archive</kind>
         <file>rts430x_lc_sd_eabi.lib</file>
         <name>int49.obj</name>
      </input_file>
      <input_file id="fl-6f">
         <path>/home/phooky/ti/ccsv5/tools/compiler/msp430_4.2.1/lib/</path>
         <kind>archive</kind>
         <file>rts430x_lc_sd_eabi.lib</file>
         <name>int50.obj</name>
      </input_file>
      <input_file id="fl-70">
         <path>/home/phooky/ti/ccsv5/tools/compiler/msp430_4.2.1/lib/</path>
         <kind>archive</kind>
         <file>rts430x_lc_sd_eabi.lib</file>
         <name>int52.obj</name>
      </input_file>
      <input_file id="fl-71">
         <path>/home/phooky/ti/ccsv5/tools/compiler/msp430_4.2.1/lib/</path>
         <kind>archive</kind>
         <file>rts430x_lc_sd_eabi.lib</file>
         <name>int53.obj</name>
      </input_file>
      <input_file id="fl-72">
         <path>/home/phooky/ti/ccsv5/tools/compiler/msp430_4.2.1/lib/</path>
         <kind>archive</kind>
         <file>rts430x_lc_sd_eabi.lib</file>
         <name>int54.obj</name>
      </input_file>
      <input_file id="fl-73">
         <path>/home/phooky/ti/ccsv5/tools/compiler/msp430_4.2.1/lib/</path>
         <kind>archive</kind>
         <file>rts430x_lc_sd_eabi.lib</file>
         <name>int55.obj</name>
      </input_file>
      <input_file id="fl-74">
         <path>/home/phooky/ti/ccsv5/tools/compiler/msp430_4.2.1/lib/</path>
         <kind>archive</kind>
         <file>rts430x_lc_sd_eabi.lib</file>
         <name>int56.obj</name>
      </input_file>
      <input_file id="fl-75">
         <path>/home/phooky/ti/ccsv5/tools/compiler/msp430_4.2.1/lib/</path>
         <kind>archive</kind>
         <file>rts430x_lc_sd_eabi.lib</file>
         <name>int57.obj</name>
      </input_file>
      <input_file id="fl-76">
         <path>/home/phooky/ti/ccsv5/tools/compiler/msp430_4.2.1/lib/</path>
         <kind>archive</kind>
         <file>rts430x_lc_sd_eabi.lib</file>
         <name>int58.obj</name>
      </input_file>
      <input_file id="fl-77">
         <path>/home/phooky/ti/ccsv5/tools/compiler/msp430_4.2.1/lib/</path>
         <kind>archive</kind>
         <file>rts430x_lc_sd_eabi.lib</file>
         <name>int59.obj</name>
      </input_file>
      <input_file id="fl-78">
         <path>/home/phooky/ti/ccsv5/tools/compiler/msp430_4.2.1/lib/</path>
         <kind>archive</kind>
         <file>rts430x_lc_sd_eabi.lib</file>
         <name>int60.obj</name>
      </input_file>
      <input_file id="fl-79">
         <path>/home/phooky/ti/ccsv5/tools/compiler/msp430_4.2.1/lib/</path>
         <kind>archive</kind>
         <file>rts430x_lc_sd_eabi.lib</file>
         <name>int62.obj</name>
      </input_file>
      <input_file id="fl-7a">
         <path>/home/phooky/ti/ccsv5/tools/compiler/msp430_4.2.1/lib/</path>
         <kind>archive</kind>
         <file>rts430x_lc_sd_eabi.lib</file>
         <name>isr_trap.obj</name>
      </input_file>
      <input_file id="fl-7b">
         <path>/home/phooky/ti/ccsv5/tools/compiler/msp430_4.2.1/lib/</path>
         <kind>archive</kind>
         <file>rts430x_lc_sd_eabi.lib</file>
         <name>lsl16.obj</name>
      </input_file>
      <input_file id="fl-7c">
         <path>/home/phooky/ti/ccsv5/tools/compiler/msp430_4.2.1/lib/</path>
         <kind>archive</kind>
         <file>rts430x_lc_sd_eabi.lib</file>
         <name>lsl32.obj</name>
      </input_file>
      <input_file id="fl-7d">
         <path>/home/phooky/ti/ccsv5/tools/compiler/msp430_4.2.1/lib/</path>
         <kind>archive</kind>
         <file>rts430x_lc_sd_eabi.lib</file>
         <name>lsr16.obj</name>
      </input_file>
      <input_file id="fl-7e">
         <path>/home/phooky/ti/ccsv5/tools/compiler/msp430_4.2.1/lib/</path>
         <kind>archive</kind>
         <file>rts430x_lc_sd_eabi.lib</file>
         <name>lsr32.obj</name>
      </input_file>
      <input_file id="fl-7f">
         <path>/home/phooky/ti/ccsv5/tools/compiler/msp430_4.2.1/lib/</path>
         <kind>archive</kind>
         <file>rts430x_lc_sd_eabi.lib</file>
         <name>memcpy.obj</name>
      </input_file>
      <input_file id="fl-80">
         <path>/home/phooky/ti/ccsv5/tools/compiler/msp430_4.2.1/lib/</path>
         <kind>archive</kind>
         <file>rts430x_lc_sd_eabi.lib</file>
         <name>memset.obj</name>
      </input_file>
      <input_file id="fl-81">
         <path>/home/phooky/ti/ccsv5/tools/compiler/msp430_4.2.1/lib/</path>
         <kind>archive</kind>
         <file>rts430x_lc_sd_eabi.lib</file>
         <name>mult16_f5hw.obj</name>
      </input_file>
      <input_file id="fl-82">
         <path>/home/phooky/ti/ccsv5/tools/compiler/msp430_4.2.1/lib/</path>
         <kind>archive</kind>
         <file>rts430x_lc_sd_eabi.lib</file>
         <name>mult32_f5hw.obj</name>
      </input_file>
      <input_file id="fl-83">
         <path>/home/phooky/ti/ccsv5/tools/compiler/msp430_4.2.1/lib/</path>
         <kind>archive</kind>
         <file>rts430x_lc_sd_eabi.lib</file>
         <name>pre_init.obj</name>
      </input_file>
      <input_file id="fl-84">
         <path>/home/phooky/ti/ccsv5/tools/compiler/msp430_4.2.1/lib/</path>
         <kind>archive</kind>
         <file>rts430x_lc_sd_eabi.lib</file>
         <name>_lock.obj</name>
      </input_file>
      <input_file id="fl-85">
         <path>/home/phooky/ti/ccsv5/tools/compiler/msp430_4.2.1/lib/</path>
         <kind>archive</kind>
         <file>rts430x_lc_sd_eabi.lib</file>
         <name>args_main.obj</name>
      </input_file>
      <input_file id="fl-86">
         <path>/home/phooky/ti/ccsv5/tools/compiler/msp430_4.2.1/lib/</path>
         <kind>archive</kind>
         <file>rts430x_lc_sd_eabi.lib</file>
         <name>autoinit.obj</name>
      </input_file>
   </input_file_list>
   <object_component_list>
      <object_component id="oc-92">
         <name>.stack</name>
         <uninitialized>true</uninitialized>
         <run_address>0x3360</run_address>
         <size>0x2</size>
         <input_file_ref idref="fl-5c"/>
      </object_component>
      <object_component id="oc-4b6">
         <name>.stack</name>
         <uninitialized>true</uninitialized>
         <run_address>0x3360</run_address>
         <size>0x0</size>
      </object_component>
      <object_component id="oc-159">
         <name>.text:CdcToHostFromBuffer</name>
         <load_address>0xc000</load_address>
         <run_address>0xc000</run_address>
         <size>0x13c</size>
         <input_file_ref idref="fl-2"/>
      </object_component>
      <object_component id="oc-ae">
         <name>.text:_isr:iUsbInterruptHandler</name>
         <load_address>0xc13c</load_address>
         <run_address>0xc13c</run_address>
         <size>0x12a</size>
         <input_file_ref idref="fl-e"/>
      </object_component>
      <object_component id="oc-132">
         <name>.text:USB_reset</name>
         <load_address>0xc266</load_address>
         <run_address>0xc266</run_address>
         <size>0x120</size>
         <input_file_ref idref="fl-4"/>
      </object_component>
      <object_component id="oc-117">
         <name>.text:CdcToBufferFromHost</name>
         <load_address>0xc386</load_address>
         <run_address>0xc386</run_address>
         <size>0xf6</size>
         <input_file_ref idref="fl-2"/>
      </object_component>
      <object_component id="oc-275">
         <name>.text:UCS_initFLL</name>
         <load_address>0xc47c</load_address>
         <run_address>0xc47c</run_address>
         <size>0xec</size>
         <input_file_ref idref="fl-17"/>
      </object_component>
      <object_component id="oc-194">
         <name>.text:PMM_setVCoreUp</name>
         <load_address>0xc568</load_address>
         <run_address>0xc568</run_address>
         <size>0xe4</size>
         <input_file_ref idref="fl-25"/>
      </object_component>
      <object_component id="oc-ca">
         <name>.text:__TI_decompress_rle_core</name>
         <load_address>0xc64c</load_address>
         <run_address>0xc64c</run_address>
         <size>0xd8</size>
         <input_file_ref idref="fl-5e"/>
      </object_component>
      <object_component id="oc-1cf">
         <name>.text:USB_enable</name>
         <load_address>0xc724</load_address>
         <run_address>0xc724</run_address>
         <size>0xd2</size>
         <input_file_ref idref="fl-4"/>
      </object_component>
      <object_component id="oc-283">
         <name>.text:USB_InitSerialStringDescriptor</name>
         <load_address>0xc7f6</load_address>
         <run_address>0xc7f6</run_address>
         <size>0xba</size>
         <input_file_ref idref="fl-4"/>
      </object_component>
      <object_component id="oc-1ab">
         <name>.text:UCS_clockSignalInit</name>
         <load_address>0xc8b0</load_address>
         <run_address>0xc8b0</run_address>
         <size>0xaa</size>
         <input_file_ref idref="fl-17"/>
      </object_component>
      <object_component id="oc-18f">
         <name>.text:PMM_setVCoreDown</name>
         <load_address>0xc95a</load_address>
         <run_address>0xc95a</run_address>
         <size>0xa8</size>
         <input_file_ref idref="fl-25"/>
      </object_component>
      <object_component id="oc-fa">
         <name>.text:USB_connectionState</name>
         <load_address>0xca02</load_address>
         <run_address>0xca02</run_address>
         <size>0x96</size>
         <input_file_ref idref="fl-4"/>
      </object_component>
      <object_component id="oc-31b">
         <name>.text:memcpyDMA</name>
         <load_address>0xca98</load_address>
         <run_address>0xca98</run_address>
         <size>0x8a</size>
         <input_file_ref idref="fl-3"/>
      </object_component>
      <object_component id="oc-1c4">
         <name>.text:USB_init</name>
         <load_address>0xcb22</load_address>
         <run_address>0xcb22</run_address>
         <size>0x82</size>
         <input_file_ref idref="fl-4"/>
      </object_component>
      <object_component id="oc-eb">
         <name>.text:initPorts</name>
         <load_address>0xcba4</load_address>
         <run_address>0xcba4</run_address>
         <size>0x7c</size>
         <input_file_ref idref="fl-3b"/>
      </object_component>
      <object_component id="oc-227">
         <name>.text:USB_determineFreq</name>
         <load_address>0xcc20</load_address>
         <run_address>0xcc20</run_address>
         <size>0x7a</size>
         <input_file_ref idref="fl-4"/>
      </object_component>
      <object_component id="oc-1da">
         <name>.text:usbDecodeAndProcessUsbRequest</name>
         <load_address>0xcc9a</load_address>
         <run_address>0xcc9a</run_address>
         <size>0x7a</size>
         <input_file_ref idref="fl-4"/>
      </object_component>
      <object_component id="oc-10b">
         <name>.text:USBCDC_bytesInUSBBuffer</name>
         <load_address>0xcd14</load_address>
         <run_address>0xcd14</run_address>
         <size>0x76</size>
         <input_file_ref idref="fl-2"/>
      </object_component>
      <object_component id="oc-1a0">
         <name>.text:GPIO_setAsOutputPin</name>
         <load_address>0xcd8a</load_address>
         <run_address>0xcd8a</run_address>
         <size>0x72</size>
         <input_file_ref idref="fl-29"/>
      </object_component>
      <object_component id="oc-28f">
         <name>.text:GPIO_setAsPeripheralModuleFunctionOutputPin</name>
         <load_address>0xcdfc</load_address>
         <run_address>0xcdfc</run_address>
         <size>0x72</size>
         <input_file_ref idref="fl-29"/>
      </object_component>
      <object_component id="oc-9e">
         <name>.text:_auto_init</name>
         <load_address>0xce6e</load_address>
         <run_address>0xce6e</run_address>
         <size>0x70</size>
         <input_file_ref idref="fl-86"/>
      </object_component>
      <object_component id="oc-259">
         <name>.text:usbSendNextPacketOnIEP0</name>
         <load_address>0xcede</load_address>
         <run_address>0xcede</run_address>
         <size>0x70</size>
         <input_file_ref idref="fl-4"/>
      </object_component>
      <object_component id="oc-361">
         <name>.text:usbGetEndpointStatus</name>
         <load_address>0xcf4e</load_address>
         <run_address>0xcf4e</run_address>
         <size>0x6c</size>
         <input_file_ref idref="fl-4"/>
      </object_component>
      <object_component id="oc-13d">
         <name>.text:PWRVBUSoffHandler</name>
         <load_address>0xcfba</load_address>
         <run_address>0xcfba</run_address>
         <size>0x6a</size>
         <input_file_ref idref="fl-e"/>
      </object_component>
      <object_component id="oc-1a5">
         <name>.text:GPIO_setOutputLowOnPin</name>
         <load_address>0xd024</load_address>
         <run_address>0xd024</run_address>
         <size>0x66</size>
         <input_file_ref idref="fl-29"/>
      </object_component>
      <object_component id="oc-316">
         <name>.text:DMA_init</name>
         <load_address>0xd08a</load_address>
         <run_address>0xd08a</run_address>
         <size>0x64</size>
         <input_file_ref idref="fl-32"/>
      </object_component>
      <object_component id="oc-204">
         <name>.text:CopyUsbToBuff</name>
         <load_address>0xd0ee</load_address>
         <run_address>0xd0ee</run_address>
         <size>0x60</size>
         <input_file_ref idref="fl-2"/>
      </object_component>
      <object_component id="oc-252">
         <name>.text:Handler_SetLineCoding</name>
         <load_address>0xd14e</load_address>
         <run_address>0xd14e</run_address>
         <size>0x5e</size>
         <input_file_ref idref="fl-2"/>
      </object_component>
      <object_component id="oc-148">
         <name>.text:PWRVBUSonHandler</name>
         <load_address>0xd1ac</load_address>
         <run_address>0xd1ac</run_address>
         <size>0x58</size>
         <input_file_ref idref="fl-e"/>
      </object_component>
      <object_component id="oc-1b0">
         <name>.text</name>
         <load_address>0xd204</load_address>
         <run_address>0xd204</run_address>
         <size>0x58</size>
         <input_file_ref idref="fl-64"/>
      </object_component>
      <object_component id="oc-325">
         <name>.text:usbGetLineCoding</name>
         <load_address>0xd25c</load_address>
         <run_address>0xd25c</run_address>
         <size>0x58</size>
         <input_file_ref idref="fl-2"/>
      </object_component>
      <object_component id="oc-f0">
         <name>.text:initClocks</name>
         <load_address>0xd2b4</load_address>
         <run_address>0xd2b4</run_address>
         <size>0x56</size>
         <input_file_ref idref="fl-3b"/>
      </object_component>
      <object_component id="oc-a3">
         <name>.text:main</name>
         <load_address>0xd30a</load_address>
         <run_address>0xd30a</run_address>
         <size>0x54</size>
         <input_file_ref idref="fl-3a"/>
      </object_component>
      <object_component id="oc-375">
         <name>.text:usbSetEndpointFeature</name>
         <load_address>0xd35e</load_address>
         <run_address>0xd35e</run_address>
         <size>0x52</size>
         <input_file_ref idref="fl-4"/>
      </object_component>
      <object_component id="oc-294">
         <name>.text:UCS_XT2StartWithTimeout</name>
         <load_address>0xd3b0</load_address>
         <run_address>0xd3b0</run_address>
         <size>0x50</size>
         <input_file_ref idref="fl-17"/>
      </object_component>
      <object_component id="oc-288">
         <name>.text:USB_initMemcpy</name>
         <load_address>0xd400</load_address>
         <run_address>0xd400</run_address>
         <size>0x4e</size>
         <input_file_ref idref="fl-3"/>
      </object_component>
      <object_component id="oc-34d">
         <name>.text:usbGetStringDescriptor</name>
         <load_address>0xd44e</load_address>
         <run_address>0xd44e</run_address>
         <size>0x4e</size>
         <input_file_ref idref="fl-4"/>
      </object_component>
      <object_component id="oc-f5">
         <name>.text:USB_setup</name>
         <load_address>0xd49c</load_address>
         <run_address>0xd49c</run_address>
         <size>0x4a</size>
         <input_file_ref idref="fl-4"/>
      </object_component>
      <object_component id="oc-304">
         <name>.text:TLV_getInfo</name>
         <load_address>0xd4e6</load_address>
         <run_address>0xd4e6</run_address>
         <size>0x48</size>
         <input_file_ref idref="fl-18"/>
      </object_component>
      <object_component id="oc-101">
         <name>.text:SetupPacketInterruptHandler</name>
         <load_address>0xd52e</load_address>
         <run_address>0xd52e</run_address>
         <size>0x46</size>
         <input_file_ref idref="fl-e"/>
      </object_component>
      <object_component id="oc-339">
         <name>.text:usbClearEndpointFeature</name>
         <load_address>0xd574</load_address>
         <run_address>0xd574</run_address>
         <size>0x46</size>
         <input_file_ref idref="fl-4"/>
      </object_component>
      <object_component id="oc-24c">
         <name>.text:usbReceiveNextPacketOnOEP0</name>
         <load_address>0xd5ba</load_address>
         <run_address>0xd5ba</run_address>
         <size>0x46</size>
         <input_file_ref idref="fl-4"/>
      </object_component>
      <object_component id="oc-b3">
         <name>.text:_isr:UNMI_ISR</name>
         <load_address>0xd600</load_address>
         <run_address>0xd600</run_address>
         <size>0x44</size>
         <input_file_ref idref="fl-3a"/>
      </object_component>
      <object_component id="oc-26a">
         <name>.text:privateGPIOGetBaseAddress</name>
         <load_address>0xd644</load_address>
         <run_address>0xd644</run_address>
         <size>0x44</size>
         <input_file_ref idref="fl-29"/>
      </object_component>
      <object_component id="oc-b8">
         <name>.text:__memcpy_far</name>
         <load_address>0xd688</load_address>
         <run_address>0xd688</run_address>
         <size>0x40</size>
         <input_file_ref idref="fl-60"/>
      </object_component>
      <object_component id="oc-e6">
         <name>.text:PMM_setVCore</name>
         <load_address>0xd6c8</load_address>
         <run_address>0xd6c8</run_address>
         <size>0x3e</size>
         <input_file_ref idref="fl-25"/>
      </object_component>
      <object_component id="oc-88">
         <name>.text:decompress:ZI:__TI_zero_init</name>
         <load_address>0xd706</load_address>
         <run_address>0xd706</run_address>
         <size>0x3e</size>
         <input_file_ref idref="fl-5f"/>
      </object_component>
      <object_component id="oc-2d9">
         <name>.text:l_lsl_const</name>
         <load_address>0xd744</load_address>
         <run_address>0xd744</run_address>
         <size>0x3e</size>
         <input_file_ref idref="fl-7c"/>
      </object_component>
      <object_component id="oc-1b4">
         <name>.text:l_lsr_const</name>
         <load_address>0xd782</load_address>
         <run_address>0xd782</run_address>
         <size>0x3e</size>
         <input_file_ref idref="fl-7e"/>
      </object_component>
      <object_component id="oc-83">
         <name>.text:decompress:none:__TI_decompress_none</name>
         <load_address>0xd7c0</load_address>
         <run_address>0xd7c0</run_address>
         <size>0x3c</size>
         <input_file_ref idref="fl-5d"/>
      </object_component>
      <object_component id="oc-15e">
         <name>.text:OEP0InterruptHandler</name>
         <load_address>0xd7fc</load_address>
         <run_address>0xd7fc</run_address>
         <size>0x38</size>
         <input_file_ref idref="fl-e"/>
      </object_component>
      <object_component id="oc-39d">
         <name>.text:DMA_setDstAddress</name>
         <load_address>0xd834</load_address>
         <run_address>0xd834</run_address>
         <size>0x36</size>
         <input_file_ref idref="fl-32"/>
      </object_component>
      <object_component id="oc-127">
         <name>.text:USB_suspend</name>
         <load_address>0xd86a</load_address>
         <run_address>0xd86a</run_address>
         <size>0x36</size>
         <input_file_ref idref="fl-4"/>
      </object_component>
      <object_component id="oc-398">
         <name>.text:DMA_setSrcAddress</name>
         <load_address>0xd8a0</load_address>
         <run_address>0xd8a0</run_address>
         <size>0x34</size>
         <input_file_ref idref="fl-32"/>
      </object_component>
      <object_component id="oc-366">
         <name>.text:usbSetAddress</name>
         <load_address>0xd8d4</load_address>
         <run_address>0xd8d4</run_address>
         <size>0x34</size>
         <input_file_ref idref="fl-4"/>
      </object_component>
      <object_component id="oc-1b8">
         <name>.text:UCS_initFLLSettle</name>
         <load_address>0xd908</load_address>
         <run_address>0xd908</run_address>
         <size>0x32</size>
         <input_file_ref idref="fl-17"/>
      </object_component>
      <object_component id="oc-1ca">
         <name>.text:USB_connectionInfo</name>
         <load_address>0xd93a</load_address>
         <run_address>0xd93a</run_address>
         <size>0x32</size>
         <input_file_ref idref="fl-4"/>
      </object_component>
      <object_component id="oc-220">
         <name>.text:CdcResetData</name>
         <load_address>0xd96c</load_address>
         <run_address>0xd96c</run_address>
         <size>0x2e</size>
         <input_file_ref idref="fl-2"/>
      </object_component>
      <object_component id="oc-36b">
         <name>.text:usbSetConfiguration</name>
         <load_address>0xd99a</load_address>
         <run_address>0xd99a</run_address>
         <size>0x2e</size>
         <input_file_ref idref="fl-4"/>
      </object_component>
      <object_component id="oc-357">
         <name>.text:usbGetDeviceStatus</name>
         <load_address>0xd9c8</load_address>
         <run_address>0xd9c8</run_address>
         <size>0x2a</size>
         <input_file_ref idref="fl-4"/>
      </object_component>
      <object_component id="oc-334">
         <name>.text:usbClearDeviceFeature</name>
         <load_address>0xd9f2</load_address>
         <run_address>0xd9f2</run_address>
         <size>0x24</size>
         <input_file_ref idref="fl-4"/>
      </object_component>
      <object_component id="oc-370">
         <name>.text:usbSetDeviceFeature</name>
         <load_address>0xda16</load_address>
         <run_address>0xda16</run_address>
         <size>0x24</size>
         <input_file_ref idref="fl-4"/>
      </object_component>
      <object_component id="oc-169">
         <name>.text:USB_disable</name>
         <load_address>0xda3a</load_address>
         <run_address>0xda3a</run_address>
         <size>0x22</size>
         <input_file_ref idref="fl-4"/>
      </object_component>
      <object_component id="oc-236">
         <name>.text:USB_disconnect</name>
         <load_address>0xda5c</load_address>
         <run_address>0xda5c</run_address>
         <size>0x22</size>
         <input_file_ref idref="fl-4"/>
      </object_component>
      <object_component id="oc-3cb">
         <name>.text:usbSendDataPacketOnEP0</name>
         <load_address>0xda7e</load_address>
         <run_address>0xda7e</run_address>
         <size>0x20</size>
         <input_file_ref idref="fl-4"/>
      </object_component>
      <object_component id="oc-16e">
         <name>.text:UCS_clearAllOscFlagsWithTimeout</name>
         <load_address>0xda9e</load_address>
         <run_address>0xda9e</run_address>
         <size>0x1e</size>
         <input_file_ref idref="fl-17"/>
      </object_component>
      <object_component id="oc-352">
         <name>.text:usbGetInterface</name>
         <load_address>0xdabc</load_address>
         <run_address>0xdabc</run_address>
         <size>0x1e</size>
         <input_file_ref idref="fl-4"/>
      </object_component>
      <object_component id="oc-35c">
         <name>.text:usbGetInterfaceStatus</name>
         <load_address>0xdada</load_address>
         <run_address>0xdada</run_address>
         <size>0x1e</size>
         <input_file_ref idref="fl-4"/>
      </object_component>
      <object_component id="oc-163">
         <name>.text:IEP0InterruptHandler</name>
         <load_address>0xdaf8</load_address>
         <run_address>0xdaf8</run_address>
         <size>0x1c</size>
         <input_file_ref idref="fl-e"/>
      </object_component>
      <object_component id="oc-230">
         <name>.text:USB_connect</name>
         <load_address>0xdb14</load_address>
         <run_address>0xdb14</run_address>
         <size>0x1a</size>
         <input_file_ref idref="fl-4"/>
      </object_component>
      <object_component id="oc-71">
         <name>.text:_isr:_c_int00_noexit</name>
         <load_address>0xdb2e</load_address>
         <run_address>0xdb2e</run_address>
         <size>0x1a</size>
         <input_file_ref idref="fl-5c"/>
      </object_component>
      <object_component id="oc-30f">
         <name>.text:memcpyV</name>
         <load_address>0xdb48</load_address>
         <run_address>0xdb48</run_address>
         <size>0x1a</size>
         <input_file_ref idref="fl-3"/>
      </object_component>
      <object_component id="oc-1e5">
         <name>.text:usbDisableOutEndpointInterrupt</name>
         <load_address>0xdb62</load_address>
         <run_address>0xdb62</run_address>
         <size>0x1a</size>
         <input_file_ref idref="fl-4"/>
      </object_component>
      <object_component id="oc-37a">
         <name>.text:usbSetInterface</name>
         <load_address>0xdb7c</load_address>
         <run_address>0xdb7c</run_address>
         <size>0x1a</size>
         <input_file_ref idref="fl-4"/>
      </object_component>
      <object_component id="oc-11c">
         <name>.text:USB_resume</name>
         <load_address>0xdb96</load_address>
         <run_address>0xdb96</run_address>
         <size>0x18</size>
         <input_file_ref idref="fl-4"/>
      </object_component>
      <object_component id="oc-23c">
         <name>.text</name>
         <load_address>0xdbae</load_address>
         <run_address>0xdbae</run_address>
         <size>0x16</size>
         <input_file_ref idref="fl-81"/>
      </object_component>
      <object_component id="oc-348">
         <name>.text:usbGetConfigurationDescriptor</name>
         <load_address>0xdbc4</load_address>
         <run_address>0xdbc4</run_address>
         <size>0x16</size>
         <input_file_ref idref="fl-4"/>
      </object_component>
      <object_component id="oc-343">
         <name>.text:usbGetDeviceDescriptor</name>
         <load_address>0xdbda</load_address>
         <run_address>0xdbda</run_address>
         <size>0x16</size>
         <input_file_ref idref="fl-4"/>
      </object_component>
      <object_component id="oc-14e">
         <name>.text:USB_handleVbusOnEvent</name>
         <load_address>0xdbf0</load_address>
         <run_address>0xdbf0</run_address>
         <size>0x14</size>
         <input_file_ref idref="fl-b"/>
      </object_component>
      <object_component id="oc-e1">
         <name>.text:WDT_A_hold</name>
         <load_address>0xdc04</load_address>
         <run_address>0xdc04</run_address>
         <size>0x14</size>
         <input_file_ref idref="fl-f"/>
      </object_component>
      <object_component id="oc-2bb">
         <name>.text:memset</name>
         <load_address>0xdc18</load_address>
         <run_address>0xdc18</run_address>
         <size>0x14</size>
         <input_file_ref idref="fl-80"/>
      </object_component>
      <object_component id="oc-33e">
         <name>.text:usbGetConfiguration</name>
         <load_address>0xdc2c</load_address>
         <run_address>0xdc2c</run_address>
         <size>0x14</size>
         <input_file_ref idref="fl-4"/>
      </object_component>
      <object_component id="oc-3d2">
         <name>.text:usbReceiveDataPacketOnEP0</name>
         <load_address>0xdc40</load_address>
         <run_address>0xdc40</run_address>
         <size>0x14</size>
         <input_file_ref idref="fl-4"/>
      </object_component>
      <object_component id="oc-32f">
         <name>.text:usbSetControlLineState</name>
         <load_address>0xdc54</load_address>
         <run_address>0xdc54</run_address>
         <size>0x14</size>
         <input_file_ref idref="fl-2"/>
      </object_component>
      <object_component id="oc-106">
         <name>.text:CdcIsReceiveInProgress</name>
         <load_address>0xdc68</load_address>
         <run_address>0xdc68</run_address>
         <size>0x12</size>
         <input_file_ref idref="fl-2"/>
      </object_component>
      <object_component id="oc-37f">
         <name>.text:usbInvalidRequest</name>
         <load_address>0xdc7a</load_address>
         <run_address>0xdc7a</run_address>
         <size>0x12</size>
         <input_file_ref idref="fl-4"/>
      </object_component>
      <object_component id="oc-3b6">
         <name>.text:DMA_getInterruptStatus</name>
         <load_address>0xdc8c</load_address>
         <run_address>0xdc8c</run_address>
         <size>0x10</size>
         <input_file_ref idref="fl-32"/>
      </object_component>
      <object_component id="oc-8d">
         <name>.text:decompress:rle24:__TI_decompress_rle24</name>
         <load_address>0xdc9c</load_address>
         <run_address>0xdc9c</run_address>
         <size>0xe</size>
         <input_file_ref idref="fl-5e"/>
      </object_component>
      <object_component id="oc-3dd">
         <name>.text:usbSendZeroLengthPacketOnIEP0</name>
         <load_address>0xdcaa</load_address>
         <run_address>0xdcaa</run_address>
         <size>0xe</size>
         <input_file_ref idref="fl-4"/>
      </object_component>
      <object_component id="oc-3bb">
         <name>.text:DMA_disableTransfers</name>
         <load_address>0xdcb8</load_address>
         <run_address>0xdcb8</run_address>
         <size>0xc</size>
         <input_file_ref idref="fl-32"/>
      </object_component>
      <object_component id="oc-3ac">
         <name>.text:DMA_enableTransfers</name>
         <load_address>0xdcc4</load_address>
         <run_address>0xdcc4</run_address>
         <size>0xc</size>
         <input_file_ref idref="fl-32"/>
      </object_component>
      <object_component id="oc-3a7">
         <name>.text:DMA_setTransferSize</name>
         <load_address>0xdcd0</load_address>
         <run_address>0xdcd0</run_address>
         <size>0xc</size>
         <input_file_ref idref="fl-32"/>
      </object_component>
      <object_component id="oc-154">
         <name>.text:USB_handleClockEvent</name>
         <load_address>0xdcdc</load_address>
         <run_address>0xdcdc</run_address>
         <size>0xc</size>
         <input_file_ref idref="fl-b"/>
      </object_component>
      <object_component id="oc-32a">
         <name>.text:usbSetLineCoding</name>
         <load_address>0xdce8</load_address>
         <run_address>0xdce8</run_address>
         <size>0xc</size>
         <input_file_ref idref="fl-2"/>
      </object_component>
      <object_component id="oc-3b1">
         <name>.text:DMA_startTransfer</name>
         <load_address>0xdcf4</load_address>
         <run_address>0xdcf4</run_address>
         <size>0xa</size>
         <input_file_ref idref="fl-32"/>
      </object_component>
      <object_component id="oc-2af">
         <name>.text</name>
         <load_address>0xdcfe</load_address>
         <run_address>0xdcfe</run_address>
         <size>0xa</size>
         <input_file_ref idref="fl-7b"/>
      </object_component>
      <object_component id="oc-2c4">
         <name>.text</name>
         <load_address>0xdd08</load_address>
         <run_address>0xdd08</run_address>
         <size>0xa</size>
         <input_file_ref idref="fl-7d"/>
      </object_component>
      <object_component id="oc-213">
         <name>.text:UCS_XT2Off</name>
         <load_address>0xdd12</load_address>
         <run_address>0xdd12</run_address>
         <size>0x8</size>
         <input_file_ref idref="fl-17"/>
      </object_component>
      <object_component id="oc-393">
         <name>.text:DMA_disableTransferDuringReadModifyWrite</name>
         <load_address>0xdd1a</load_address>
         <run_address>0xdd1a</run_address>
         <size>0x6</size>
         <input_file_ref idref="fl-32"/>
      </object_component>
      <object_component id="oc-3a2">
         <name>.text:DMA_enableTransferDuringReadModifyWrite</name>
         <load_address>0xdd20</load_address>
         <run_address>0xdd20</run_address>
         <size>0x6</size>
         <input_file_ref idref="fl-32"/>
      </object_component>
      <object_component id="oc-173">
         <name>.text:SFR_clearInterrupt</name>
         <load_address>0xdd26</load_address>
         <run_address>0xdd26</run_address>
         <size>0x6</size>
         <input_file_ref idref="fl-1e"/>
      </object_component>
      <object_component id="oc-27d">
         <name>.text:USB_getVersion</name>
         <load_address>0xdd2c</load_address>
         <run_address>0xdd2c</run_address>
         <size>0x6</size>
         <input_file_ref idref="fl-4"/>
      </object_component>
      <object_component id="oc-95">
         <name>.text:__TI_ISR_TRAP</name>
         <load_address>0xdd32</load_address>
         <run_address>0xdd32</run_address>
         <size>0x6</size>
         <input_file_ref idref="fl-7a"/>
      </object_component>
      <object_component id="oc-1eb">
         <name>.text:usbRestoreOutEndpointInterrupt</name>
         <load_address>0xdd38</load_address>
         <run_address>0xdd38</run_address>
         <size>0x6</size>
         <input_file_ref idref="fl-4"/>
      </object_component>
      <object_component id="oc-112">
         <name>.text:USBCDC_handleDataReceived</name>
         <load_address>0xdd3e</load_address>
         <run_address>0xdd3e</run_address>
         <size>0x4</size>
         <input_file_ref idref="fl-b"/>
      </object_component>
      <object_component id="oc-20a">
         <name>.text:USBCDC_handleReceiveCompleted</name>
         <load_address>0xdd42</load_address>
         <run_address>0xdd42</run_address>
         <size>0x4</size>
         <input_file_ref idref="fl-b"/>
      </object_component>
      <object_component id="oc-242">
         <name>.text:USBCDC_handleSendCompleted</name>
         <load_address>0xdd46</load_address>
         <run_address>0xdd46</run_address>
         <size>0x4</size>
         <input_file_ref idref="fl-b"/>
      </object_component>
      <object_component id="oc-3d8">
         <name>.text:USBCDC_handleSetControlLineState</name>
         <load_address>0xdd4a</load_address>
         <run_address>0xdd4a</run_address>
         <size>0x4</size>
         <input_file_ref idref="fl-b"/>
      </object_component>
      <object_component id="oc-2e4">
         <name>.text:USBCDC_handleSetLineCoding</name>
         <load_address>0xdd4e</load_address>
         <run_address>0xdd4e</run_address>
         <size>0x4</size>
         <input_file_ref idref="fl-b"/>
      </object_component>
      <object_component id="oc-419">
         <name>.text:USB_handleEnumCompleteEvent</name>
         <load_address>0xdd52</load_address>
         <run_address>0xdd52</run_address>
         <size>0x4</size>
         <input_file_ref idref="fl-b"/>
      </object_component>
      <object_component id="oc-138">
         <name>.text:USB_handleResetEvent</name>
         <load_address>0xdd56</load_address>
         <run_address>0xdd56</run_address>
         <size>0x4</size>
         <input_file_ref idref="fl-b"/>
      </object_component>
      <object_component id="oc-122">
         <name>.text:USB_handleResumeEvent</name>
         <load_address>0xdd5a</load_address>
         <run_address>0xdd5a</run_address>
         <size>0x4</size>
         <input_file_ref idref="fl-b"/>
      </object_component>
      <object_component id="oc-12d">
         <name>.text:USB_handleSuspendEvent</name>
         <load_address>0xdd5e</load_address>
         <run_address>0xdd5e</run_address>
         <size>0x4</size>
         <input_file_ref idref="fl-b"/>
      </object_component>
      <object_component id="oc-143">
         <name>.text:USB_handleVbusOffEvent</name>
         <load_address>0xdd62</load_address>
         <run_address>0xdd62</run_address>
         <size>0x4</size>
         <input_file_ref idref="fl-b"/>
      </object_component>
      <object_component id="oc-99">
         <name>.text:_system_pre_init</name>
         <load_address>0xdd66</load_address>
         <run_address>0xdd66</run_address>
         <size>0x4</size>
         <input_file_ref idref="fl-83"/>
      </object_component>
      <object_component id="oc-a8">
         <name>.text:abort</name>
         <load_address>0xdd6a</load_address>
         <run_address>0xdd6a</run_address>
         <size>0x4</size>
         <input_file_ref idref="fl-65"/>
      </object_component>
      <object_component id="oc-4b2">
         <name>__TI_handler_table</name>
         <load_address>0xdf70</load_address>
         <run_address>0xdf70</run_address>
         <size>0xc</size>
      </object_component>
      <object_component id="oc-4b5">
         <name>.cinit..data.load</name>
         <load_address>0xdf7c</load_address>
         <run_address>0xdf7c</run_address>
         <size>0xb</size>
      </object_component>
      <object_component id="oc-4b4">
         <name>.cinit..bss.load</name>
         <load_address>0xdf88</load_address>
         <run_address>0xdf88</run_address>
         <size>0x6</size>
      </object_component>
      <object_component id="oc-4b3">
         <name>__TI_cinit_table</name>
         <load_address>0xdf8e</load_address>
         <run_address>0xdf8e</run_address>
         <size>0x10</size>
      </object_component>
      <object_component id="oc-29d">
         <name>.const:tUsbRequestList</name>
         <load_address>0xdd6e</load_address>
         <run_address>0xdd6e</run_address>
         <size>0x10a</size>
         <input_file_ref idref="fl-d"/>
      </object_component>
      <object_component id="oc-3f5">
         <name>.const:.string:abromStringDescriptor</name>
         <load_address>0xde78</load_address>
         <run_address>0xde78</run_address>
         <size>0x72</size>
         <input_file_ref idref="fl-d"/>
      </object_component>
      <object_component id="oc-3f2">
         <name>.const</name>
         <load_address>0xdeea</load_address>
         <run_address>0xdeea</run_address>
         <size>0x43</size>
         <input_file_ref idref="fl-d"/>
      </object_component>
      <object_component id="oc-29a">
         <name>.const:.string</name>
         <load_address>0xdf2e</load_address>
         <run_address>0xdf2e</run_address>
         <size>0x20</size>
         <input_file_ref idref="fl-4"/>
      </object_component>
      <object_component id="oc-3ee">
         <name>.const:.string:abromDeviceDescriptor</name>
         <load_address>0xdf4e</load_address>
         <run_address>0xdf4e</run_address>
         <size>0x12</size>
         <input_file_ref idref="fl-d"/>
      </object_component>
      <object_component id="oc-1e3">
         <name>.const:stUsbHandle</name>
         <load_address>0xdf60</load_address>
         <run_address>0xdf60</run_address>
         <size>0x10</size>
         <input_file_ref idref="fl-d"/>
      </object_component>
      <object_component id="oc-68">
         <name>.int41</name>
         <load_address>0xffd2</load_address>
         <run_address>0xffd2</run_address>
         <size>0x2</size>
         <input_file_ref idref="fl-66"/>
      </object_component>
      <object_component id="oc-69">
         <name>.int42</name>
         <load_address>0xffd4</load_address>
         <run_address>0xffd4</run_address>
         <size>0x2</size>
         <input_file_ref idref="fl-67"/>
      </object_component>
      <object_component id="oc-6a">
         <name>.int43</name>
         <load_address>0xffd6</load_address>
         <run_address>0xffd6</run_address>
         <size>0x2</size>
         <input_file_ref idref="fl-68"/>
      </object_component>
      <object_component id="oc-6b">
         <name>.int44</name>
         <load_address>0xffd8</load_address>
         <run_address>0xffd8</run_address>
         <size>0x2</size>
         <input_file_ref idref="fl-69"/>
      </object_component>
      <object_component id="oc-6c">
         <name>.int45</name>
         <load_address>0xffda</load_address>
         <run_address>0xffda</run_address>
         <size>0x2</size>
         <input_file_ref idref="fl-6a"/>
      </object_component>
      <object_component id="oc-6d">
         <name>.int46</name>
         <load_address>0xffdc</load_address>
         <run_address>0xffdc</run_address>
         <size>0x2</size>
         <input_file_ref idref="fl-6b"/>
      </object_component>
      <object_component id="oc-6e">
         <name>.int47</name>
         <load_address>0xffde</load_address>
         <run_address>0xffde</run_address>
         <size>0x2</size>
         <input_file_ref idref="fl-6c"/>
      </object_component>
      <object_component id="oc-6f">
         <name>.int48</name>
         <load_address>0xffe0</load_address>
         <run_address>0xffe0</run_address>
         <size>0x2</size>
         <input_file_ref idref="fl-6d"/>
      </object_component>
      <object_component id="oc-70">
         <name>.int49</name>
         <load_address>0xffe2</load_address>
         <run_address>0xffe2</run_address>
         <size>0x2</size>
         <input_file_ref idref="fl-6e"/>
      </object_component>
      <object_component id="oc-76">
         <name>.int50</name>
         <load_address>0xffe4</load_address>
         <run_address>0xffe4</run_address>
         <size>0x2</size>
         <input_file_ref idref="fl-6f"/>
      </object_component>
      <object_component id="oc-77">
         <name>.int51</name>
         <load_address>0xffe6</load_address>
         <run_address>0xffe6</run_address>
         <size>0x2</size>
         <input_file_ref idref="fl-e"/>
      </object_component>
      <object_component id="oc-78">
         <name>.int52</name>
         <load_address>0xffe8</load_address>
         <run_address>0xffe8</run_address>
         <size>0x2</size>
         <input_file_ref idref="fl-70"/>
      </object_component>
      <object_component id="oc-79">
         <name>.int53</name>
         <load_address>0xffea</load_address>
         <run_address>0xffea</run_address>
         <size>0x2</size>
         <input_file_ref idref="fl-71"/>
      </object_component>
      <object_component id="oc-7a">
         <name>.int54</name>
         <load_address>0xffec</load_address>
         <run_address>0xffec</run_address>
         <size>0x2</size>
         <input_file_ref idref="fl-72"/>
      </object_component>
      <object_component id="oc-7b">
         <name>.int55</name>
         <load_address>0xffee</load_address>
         <run_address>0xffee</run_address>
         <size>0x2</size>
         <input_file_ref idref="fl-73"/>
      </object_component>
      <object_component id="oc-7c">
         <name>.int56</name>
         <load_address>0xfff0</load_address>
         <run_address>0xfff0</run_address>
         <size>0x2</size>
         <input_file_ref idref="fl-74"/>
      </object_component>
      <object_component id="oc-7d">
         <name>.int57</name>
         <load_address>0xfff2</load_address>
         <run_address>0xfff2</run_address>
         <size>0x2</size>
         <input_file_ref idref="fl-75"/>
      </object_component>
      <object_component id="oc-7e">
         <name>.int58</name>
         <load_address>0xfff4</load_address>
         <run_address>0xfff4</run_address>
         <size>0x2</size>
         <input_file_ref idref="fl-76"/>
      </object_component>
      <object_component id="oc-7f">
         <name>.int59</name>
         <load_address>0xfff6</load_address>
         <run_address>0xfff6</run_address>
         <size>0x2</size>
         <input_file_ref idref="fl-77"/>
      </object_component>
      <object_component id="oc-80">
         <name>.int60</name>
         <load_address>0xfff8</load_address>
         <run_address>0xfff8</run_address>
         <size>0x2</size>
         <input_file_ref idref="fl-78"/>
      </object_component>
      <object_component id="oc-81">
         <name>.int61</name>
         <load_address>0xfffa</load_address>
         <run_address>0xfffa</run_address>
         <size>0x2</size>
         <input_file_ref idref="fl-3a"/>
      </object_component>
      <object_component id="oc-82">
         <name>.int62</name>
         <load_address>0xfffc</load_address>
         <run_address>0xfffc</run_address>
         <size>0x2</size>
         <input_file_ref idref="fl-79"/>
      </object_component>
      <object_component id="oc-94">
         <name>.reset</name>
         <load_address>0xfffe</load_address>
         <run_address>0xfffe</run_address>
         <size>0x2</size>
         <input_file_ref idref="fl-5c"/>
      </object_component>
      <object_component id="oc-3c1">
         <name>.common:CdcControl</name>
         <uninitialized>true</uninitialized>
         <run_address>0x243c</run_address>
         <size>0x8</size>
      </object_component>
      <object_component id="oc-2ba">
         <name>.common:CdcWriteCtrl</name>
         <uninitialized>true</uninitialized>
         <run_address>0x2432</run_address>
         <size>0xa</size>
      </object_component>
      <object_component id="oc-2c0">
         <name>.common:CdcReadCtrl</name>
         <uninitialized>true</uninitialized>
         <run_address>0x2422</run_address>
         <size>0x10</size>
      </object_component>
      <object_component id="oc-320">
         <name>.common:USB_TX_memcpy</name>
         <uninitialized>true</uninitialized>
         <run_address>0x2458</run_address>
         <size>0x4</size>
      </object_component>
      <object_component id="oc-321">
         <name>.common:USB_RX_memcpy</name>
         <uninitialized>true</uninitialized>
         <run_address>0x2454</run_address>
         <size>0x4</size>
      </object_component>
      <object_component id="oc-416">
         <name>.common:bConfigurationNumber</name>
         <uninitialized>true</uninitialized>
         <run_address>0x2466</run_address>
         <size>0x1</size>
      </object_component>
      <object_component id="oc-426">
         <name>.common:bInterfaceNumber</name>
         <uninitialized>true</uninitialized>
         <run_address>0x2467</run_address>
         <size>0x1</size>
      </object_component>
      <object_component id="oc-43a">
         <name>.common:pbIEP0Buffer</name>
         <uninitialized>true</uninitialized>
         <run_address>0x245c</run_address>
         <size>0x2</size>
      </object_component>
      <object_component id="oc-43e">
         <name>.common:pbOEP0Buffer</name>
         <uninitialized>true</uninitialized>
         <run_address>0x245e</run_address>
         <size>0x2</size>
      </object_component>
      <object_component id="oc-41f">
         <name>.common:bRemoteWakeup</name>
         <uninitialized>true</uninitialized>
         <run_address>0x2468</run_address>
         <size>0x1</size>
      </object_component>
      <object_component id="oc-443">
         <name>.common:wBytesRemainingOnIEP0</name>
         <uninitialized>true</uninitialized>
         <run_address>0x2460</run_address>
         <size>0x2</size>
      </object_component>
      <object_component id="oc-43f">
         <name>.common:wBytesRemainingOnOEP0</name>
         <uninitialized>true</uninitialized>
         <run_address>0x2462</run_address>
         <size>0x2</size>
      </object_component>
      <object_component id="oc-411">
         <name>.common:abUsbRequestReturnData</name>
         <uninitialized>true</uninitialized>
         <run_address>0x244c</run_address>
         <size>0x8</size>
      </object_component>
      <object_component id="oc-3d1">
         <name>.common:abUsbRequestIncomingData</name>
         <uninitialized>true</uninitialized>
         <run_address>0x2444</run_address>
         <size>0x8</size>
      </object_component>
      <object_component id="oc-3f9">
         <name>.common:abramSerialStringDescriptor</name>
         <uninitialized>true</uninitialized>
         <run_address>0x2400</run_address>
         <size>0x22</size>
      </object_component>
      <object_component id="oc-444">
         <name>.common:bStatusAction</name>
         <uninitialized>true</uninitialized>
         <run_address>0x2469</run_address>
         <size>0x1</size>
      </object_component>
      <object_component id="oc-282">
         <name>.common:wUsbEventMask</name>
         <uninitialized>true</uninitialized>
         <run_address>0x2464</run_address>
         <size>0x2</size>
      </object_component>
      <object_component id="oc-1d5">
         <name>.data</name>
         <load_address>0x246a</load_address>
         <run_address>0x246a</run_address>
         <size>0x6</size>
         <input_file_ref idref="fl-4"/>
      </object_component>
      <object_component id="oc-72">
         <name>.debug_line</name>
         <load_address>0x0</load_address>
         <run_address>0x0</run_address>
         <size>0x44</size>
         <input_file_ref idref="fl-5c"/>
      </object_component>
      <object_component id="oc-85">
         <name>.debug_line</name>
         <load_address>0x44</load_address>
         <run_address>0x44</run_address>
         <size>0x50</size>
         <input_file_ref idref="fl-5d"/>
      </object_component>
      <object_component id="oc-8a">
         <name>.debug_line</name>
         <load_address>0x94</load_address>
         <run_address>0x94</run_address>
         <size>0x4a</size>
         <input_file_ref idref="fl-5f"/>
      </object_component>
      <object_component id="oc-8f">
         <name>.debug_line</name>
         <load_address>0xde</load_address>
         <run_address>0xde</run_address>
         <size>0x4c</size>
         <input_file_ref idref="fl-5e"/>
      </object_component>
      <object_component id="oc-97">
         <name>.debug_line</name>
         <load_address>0x12a</load_address>
         <run_address>0x12a</run_address>
         <size>0x3c</size>
         <input_file_ref idref="fl-7a"/>
      </object_component>
      <object_component id="oc-9b">
         <name>.debug_line</name>
         <load_address>0x166</load_address>
         <run_address>0x166</run_address>
         <size>0x3e</size>
         <input_file_ref idref="fl-83"/>
      </object_component>
      <object_component id="oc-a0">
         <name>.debug_line</name>
         <load_address>0x1a4</load_address>
         <run_address>0x1a4</run_address>
         <size>0x6c</size>
         <input_file_ref idref="fl-86"/>
      </object_component>
      <object_component id="oc-a5">
         <name>.debug_line</name>
         <load_address>0x210</load_address>
         <run_address>0x210</run_address>
         <size>0x4d</size>
         <input_file_ref idref="fl-3a"/>
      </object_component>
      <object_component id="oc-aa">
         <name>.debug_line</name>
         <load_address>0x25d</load_address>
         <run_address>0x25d</run_address>
         <size>0x3a</size>
         <input_file_ref idref="fl-65"/>
      </object_component>
      <object_component id="oc-b0">
         <name>.debug_line</name>
         <load_address>0x297</load_address>
         <run_address>0x297</run_address>
         <size>0xeb</size>
         <input_file_ref idref="fl-e"/>
      </object_component>
      <object_component id="oc-b5">
         <name>.debug_line</name>
         <load_address>0x382</load_address>
         <run_address>0x382</run_address>
         <size>0x51</size>
         <input_file_ref idref="fl-3a"/>
      </object_component>
      <object_component id="oc-ba">
         <name>.debug_line</name>
         <load_address>0x3d3</load_address>
         <run_address>0x3d3</run_address>
         <size>0x52</size>
         <input_file_ref idref="fl-60"/>
      </object_component>
      <object_component id="oc-bf">
         <name>.debug_line</name>
         <load_address>0x425</load_address>
         <run_address>0x425</run_address>
         <size>0x3a</size>
         <input_file_ref idref="fl-5d"/>
      </object_component>
      <object_component id="oc-c6">
         <name>.debug_line</name>
         <load_address>0x45f</load_address>
         <run_address>0x45f</run_address>
         <size>0x34</size>
         <input_file_ref idref="fl-5f"/>
      </object_component>
      <object_component id="oc-cc">
         <name>.debug_line</name>
         <load_address>0x493</load_address>
         <run_address>0x493</run_address>
         <size>0x85</size>
         <input_file_ref idref="fl-5e"/>
      </object_component>
      <object_component id="oc-d3">
         <name>.debug_line</name>
         <load_address>0x518</load_address>
         <run_address>0x518</run_address>
         <size>0x39</size>
         <input_file_ref idref="fl-5e"/>
      </object_component>
      <object_component id="oc-d7">
         <name>.debug_line</name>
         <load_address>0x551</load_address>
         <run_address>0x551</run_address>
         <size>0x2a</size>
         <input_file_ref idref="fl-5c"/>
      </object_component>
      <object_component id="oc-da">
         <name>.debug_line</name>
         <load_address>0x57b</load_address>
         <run_address>0x57b</run_address>
         <size>0x20</size>
         <input_file_ref idref="fl-2"/>
      </object_component>
      <object_component id="oc-e3">
         <name>.debug_line</name>
         <load_address>0x59b</load_address>
         <run_address>0x59b</run_address>
         <size>0x5a</size>
         <input_file_ref idref="fl-f"/>
      </object_component>
      <object_component id="oc-e8">
         <name>.debug_line</name>
         <load_address>0x5f5</load_address>
         <run_address>0x5f5</run_address>
         <size>0x69</size>
         <input_file_ref idref="fl-25"/>
      </object_component>
      <object_component id="oc-ed">
         <name>.debug_line</name>
         <load_address>0x65e</load_address>
         <run_address>0x65e</run_address>
         <size>0x4b</size>
         <input_file_ref idref="fl-3b"/>
      </object_component>
      <object_component id="oc-f2">
         <name>.debug_line</name>
         <load_address>0x6a9</load_address>
         <run_address>0x6a9</run_address>
         <size>0x43</size>
         <input_file_ref idref="fl-3b"/>
      </object_component>
      <object_component id="oc-f7">
         <name>.debug_line</name>
         <load_address>0x6ec</load_address>
         <run_address>0x6ec</run_address>
         <size>0x73</size>
         <input_file_ref idref="fl-4"/>
      </object_component>
      <object_component id="oc-fc">
         <name>.debug_line</name>
         <load_address>0x75f</load_address>
         <run_address>0x75f</run_address>
         <size>0x74</size>
         <input_file_ref idref="fl-4"/>
      </object_component>
      <object_component id="oc-103">
         <name>.debug_line</name>
         <load_address>0x7d3</load_address>
         <run_address>0x7d3</run_address>
         <size>0x6f</size>
         <input_file_ref idref="fl-e"/>
      </object_component>
      <object_component id="oc-108">
         <name>.debug_line</name>
         <load_address>0x842</load_address>
         <run_address>0x842</run_address>
         <size>0x56</size>
         <input_file_ref idref="fl-2"/>
      </object_component>
      <object_component id="oc-10d">
         <name>.debug_line</name>
         <load_address>0x898</load_address>
         <run_address>0x898</run_address>
         <size>0x80</size>
         <input_file_ref idref="fl-2"/>
      </object_component>
      <object_component id="oc-114">
         <name>.debug_line</name>
         <load_address>0x918</load_address>
         <run_address>0x918</run_address>
         <size>0x54</size>
         <input_file_ref idref="fl-b"/>
      </object_component>
      <object_component id="oc-119">
         <name>.debug_line</name>
         <load_address>0x96c</load_address>
         <run_address>0x96c</run_address>
         <size>0xa7</size>
         <input_file_ref idref="fl-2"/>
      </object_component>
      <object_component id="oc-11e">
         <name>.debug_line</name>
         <load_address>0xa13</load_address>
         <run_address>0xa13</run_address>
         <size>0x56</size>
         <input_file_ref idref="fl-4"/>
      </object_component>
      <object_component id="oc-124">
         <name>.debug_line</name>
         <load_address>0xa69</load_address>
         <run_address>0xa69</run_address>
         <size>0x54</size>
         <input_file_ref idref="fl-b"/>
      </object_component>
      <object_component id="oc-129">
         <name>.debug_line</name>
         <load_address>0xabd</load_address>
         <run_address>0xabd</run_address>
         <size>0x5e</size>
         <input_file_ref idref="fl-4"/>
      </object_component>
      <object_component id="oc-12f">
         <name>.debug_line</name>
         <load_address>0xb1b</load_address>
         <run_address>0xb1b</run_address>
         <size>0x54</size>
         <input_file_ref idref="fl-b"/>
      </object_component>
      <object_component id="oc-134">
         <name>.debug_line</name>
         <load_address>0xb6f</load_address>
         <run_address>0xb6f</run_address>
         <size>0x81</size>
         <input_file_ref idref="fl-4"/>
      </object_component>
      <object_component id="oc-13a">
         <name>.debug_line</name>
         <load_address>0xbf0</load_address>
         <run_address>0xbf0</run_address>
         <size>0x54</size>
         <input_file_ref idref="fl-b"/>
      </object_component>
      <object_component id="oc-13f">
         <name>.debug_line</name>
         <load_address>0xc44</load_address>
         <run_address>0xc44</run_address>
         <size>0x77</size>
         <input_file_ref idref="fl-e"/>
      </object_component>
      <object_component id="oc-145">
         <name>.debug_line</name>
         <load_address>0xcbb</load_address>
         <run_address>0xcbb</run_address>
         <size>0x54</size>
         <input_file_ref idref="fl-b"/>
      </object_component>
      <object_component id="oc-14a">
         <name>.debug_line</name>
         <load_address>0xd0f</load_address>
         <run_address>0xd0f</run_address>
         <size>0x71</size>
         <input_file_ref idref="fl-e"/>
      </object_component>
      <object_component id="oc-150">
         <name>.debug_line</name>
         <load_address>0xd80</load_address>
         <run_address>0xd80</run_address>
         <size>0x5b</size>
         <input_file_ref idref="fl-b"/>
      </object_component>
      <object_component id="oc-156">
         <name>.debug_line</name>
         <load_address>0xddb</load_address>
         <run_address>0xddb</run_address>
         <size>0x53</size>
         <input_file_ref idref="fl-b"/>
      </object_component>
      <object_component id="oc-15b">
         <name>.debug_line</name>
         <load_address>0xe2e</load_address>
         <run_address>0xe2e</run_address>
         <size>0xa2</size>
         <input_file_ref idref="fl-2"/>
      </object_component>
      <object_component id="oc-160">
         <name>.debug_line</name>
         <load_address>0xed0</load_address>
         <run_address>0xed0</run_address>
         <size>0x61</size>
         <input_file_ref idref="fl-e"/>
      </object_component>
      <object_component id="oc-165">
         <name>.debug_line</name>
         <load_address>0xf31</load_address>
         <run_address>0xf31</run_address>
         <size>0x53</size>
         <input_file_ref idref="fl-e"/>
      </object_component>
      <object_component id="oc-16b">
         <name>.debug_line</name>
         <load_address>0xf84</load_address>
         <run_address>0xf84</run_address>
         <size>0x58</size>
         <input_file_ref idref="fl-4"/>
      </object_component>
      <object_component id="oc-170">
         <name>.debug_line</name>
         <load_address>0xfdc</load_address>
         <run_address>0xfdc</run_address>
         <size>0x5f</size>
         <input_file_ref idref="fl-17"/>
      </object_component>
      <object_component id="oc-175">
         <name>.debug_line</name>
         <load_address>0x103b</load_address>
         <run_address>0x103b</run_address>
         <size>0x58</size>
         <input_file_ref idref="fl-1e"/>
      </object_component>
      <object_component id="oc-17b">
         <name>.debug_line</name>
         <load_address>0x1093</load_address>
         <run_address>0x1093</run_address>
         <size>0x3a</size>
         <input_file_ref idref="fl-5d"/>
      </object_component>
      <object_component id="oc-17d">
         <name>.debug_line</name>
         <load_address>0x10cd</load_address>
         <run_address>0x10cd</run_address>
         <size>0x20</size>
         <input_file_ref idref="fl-5f"/>
      </object_component>
      <object_component id="oc-180">
         <name>.debug_line</name>
         <load_address>0x10ed</load_address>
         <run_address>0x10ed</run_address>
         <size>0x20</size>
         <input_file_ref idref="fl-5e"/>
      </object_component>
      <object_component id="oc-182">
         <name>.debug_line</name>
         <load_address>0x110d</load_address>
         <run_address>0x110d</run_address>
         <size>0x2e</size>
         <input_file_ref idref="fl-86"/>
      </object_component>
      <object_component id="oc-185">
         <name>.debug_line</name>
         <load_address>0x113b</load_address>
         <run_address>0x113b</run_address>
         <size>0x2e</size>
         <input_file_ref idref="fl-86"/>
      </object_component>
      <object_component id="oc-18b">
         <name>.debug_line</name>
         <load_address>0x1169</load_address>
         <run_address>0x1169</run_address>
         <size>0x66</size>
         <input_file_ref idref="fl-3"/>
      </object_component>
      <object_component id="oc-191">
         <name>.debug_line</name>
         <load_address>0x11cf</load_address>
         <run_address>0x11cf</run_address>
         <size>0x73</size>
         <input_file_ref idref="fl-25"/>
      </object_component>
      <object_component id="oc-196">
         <name>.debug_line</name>
         <load_address>0x1242</load_address>
         <run_address>0x1242</run_address>
         <size>0xaf</size>
         <input_file_ref idref="fl-25"/>
      </object_component>
      <object_component id="oc-19c">
         <name>.debug_line</name>
         <load_address>0x12f1</load_address>
         <run_address>0x12f1</run_address>
         <size>0x67</size>
         <input_file_ref idref="fl-3"/>
      </object_component>
      <object_component id="oc-1a2">
         <name>.debug_line</name>
         <load_address>0x1358</load_address>
         <run_address>0x1358</run_address>
         <size>0x6c</size>
         <input_file_ref idref="fl-29"/>
      </object_component>
      <object_component id="oc-1a7">
         <name>.debug_line</name>
         <load_address>0x13c4</load_address>
         <run_address>0x13c4</run_address>
         <size>0x6b</size>
         <input_file_ref idref="fl-29"/>
      </object_component>
      <object_component id="oc-1ad">
         <name>.debug_line</name>
         <load_address>0x142f</load_address>
         <run_address>0x142f</run_address>
         <size>0x7c</size>
         <input_file_ref idref="fl-17"/>
      </object_component>
      <object_component id="oc-1b2">
         <name>.debug_line</name>
         <load_address>0x14ab</load_address>
         <run_address>0x14ab</run_address>
         <size>0x64</size>
         <input_file_ref idref="fl-64"/>
[...]
         <object_component_ref idref="oc-12d"/>
      </symbol>
      <symbol id="sm-5bc">
         <name>USB_handleVbusOnEvent</name>
         <value>0xdbf0</value>
         <object_component_ref idref="oc-14e"/>
      </symbol>
      <symbol id="sm-5bd">
         <name>USBCDC_handleDataReceived</name>
         <value>0xdd3e</value>
         <object_component_ref idref="oc-112"/>
      </symbol>
      <symbol id="sm-5be">
         <name>USBCDC_handleReceiveCompleted</name>
         <value>0xdd42</value>
         <object_component_ref idref="oc-20a"/>
      </symbol>
      <symbol id="sm-5bf">
         <name>USB_handleResetEvent</name>
         <value>0xdd56</value>
         <object_component_ref idref="oc-138"/>
      </symbol>
      <symbol id="sm-5c0">
         <name>USB_handleEnumCompleteEvent</name>
         <value>0xdd52</value>
         <object_component_ref idref="oc-419"/>
      </symbol>
      <symbol id="sm-5c1">
         <name>USBCDC_handleSendCompleted</name>
         <value>0xdd46</value>
         <object_component_ref idref="oc-242"/>
      </symbol>
      <symbol id="sm-5c2">
         <name>USB_handleVbusOffEvent</name>
         <value>0xdd62</value>
         <object_component_ref idref="oc-143"/>
      </symbol>
      <symbol id="sm-5c3">
         <name>USBCDC_handleSetLineCoding</name>
         <value>0xdd4e</value>
         <object_component_ref idref="oc-2e4"/>
      </symbol>
      <symbol id="sm-5c4">
         <name>USB_handleResumeEvent</name>
         <value>0xdd5a</value>
         <object_component_ref idref="oc-122"/>
      </symbol>
      <symbol id="sm-5c5">
         <name>USB_handleClockEvent</name>
         <value>0xdcdc</value>
         <object_component_ref idref="oc-154"/>
      </symbol>
      <symbol id="sm-5df">
         <name>abromConfigurationDescriptorGroup</name>
         <value>0xdeea</value>
         <object_component_ref idref="oc-3f2"/>
      </symbol>
      <symbol id="sm-5e0">
         <name>tUsbRequestList</name>
         <value>0xdd6e</value>
         <object_component_ref idref="oc-29d"/>
      </symbol>
      <symbol id="sm-5e1">
         <name>abromDeviceDescriptor</name>
         <value>0xdf4e</value>
         <object_component_ref idref="oc-3ee"/>
      </symbol>
      <symbol id="sm-5e2">
         <name>abromStringDescriptor</name>
         <value>0xde78</value>
         <object_component_ref idref="oc-3f5"/>
      </symbol>
      <symbol id="sm-5e3">
         <name>stUsbHandle</name>
         <value>0xdf60</value>
         <object_component_ref idref="oc-1e3"/>
      </symbol>
      <symbol id="sm-631">
         <name>IEP0InterruptHandler</name>
         <value>0xdaf8</value>
         <object_component_ref idref="oc-163"/>
      </symbol>
      <symbol id="sm-632">
         <name>OEP0InterruptHandler</name>
         <value>0xd7fc</value>
         <object_component_ref idref="oc-15e"/>
      </symbol>
      <symbol id="sm-633">
         <name>__TI_int51</name>
         <value>0xffe6</value>
         <object_component_ref idref="oc-77"/>
      </symbol>
      <symbol id="sm-634">
         <name>PWRVBUSonHandler</name>
         <value>0xd1ac</value>
         <object_component_ref idref="oc-148"/>
      </symbol>
      <symbol id="sm-635">
         <name>SetupPacketInterruptHandler</name>
         <value>0xd52e</value>
         <object_component_ref idref="oc-101"/>
      </symbol>
      <symbol id="sm-636">
         <name>PWRVBUSoffHandler</name>
         <value>0xcfba</value>
         <object_component_ref idref="oc-13d"/>
      </symbol>
      <symbol id="sm-637">
         <name>iUsbInterruptHandler</name>
         <value>0xc13c</value>
         <object_component_ref idref="oc-ae"/>
      </symbol>
      <symbol id="sm-642">
         <name>WDT_A_hold</name>
         <value>0xdc04</value>
         <object_component_ref idref="oc-e1"/>
      </symbol>
      <symbol id="sm-692">
         <name>UCS_clearAllOscFlagsWithTimeout</name>
         <value>0xda9e</value>
         <object_component_ref idref="oc-16e"/>
      </symbol>
      <symbol id="sm-693">
         <name>UCS_XT2StartWithTimeout</name>
         <value>0xd3b0</value>
         <object_component_ref idref="oc-294"/>
      </symbol>
      <symbol id="sm-694">
         <name>UCS_initFLLSettle</name>
         <value>0xd908</value>
         <object_component_ref idref="oc-1b8"/>
      </symbol>
      <symbol id="sm-695">
         <name>UCS_clockSignalInit</name>
         <value>0xc8b0</value>
         <object_component_ref idref="oc-1ab"/>
      </symbol>
      <symbol id="sm-696">
         <name>UCS_XT2Off</name>
         <value>0xdd12</value>
         <object_component_ref idref="oc-213"/>
      </symbol>
      <symbol id="sm-697">
         <name>UCS_initFLL</name>
         <value>0xc47c</value>
         <object_component_ref idref="oc-275"/>
      </symbol>
      <symbol id="sm-6a9">
         <name>TLV_getInfo</name>
         <value>0xd4e6</value>
         <object_component_ref idref="oc-304"/>
      </symbol>
      <symbol id="sm-6b9">
         <name>SFR_clearInterrupt</name>
         <value>0xdd26</value>
         <object_component_ref idref="oc-173"/>
      </symbol>
      <symbol id="sm-6e3">
         <name>PMM_setVCore</name>
         <value>0xd6c8</value>
         <object_component_ref idref="oc-e6"/>
      </symbol>
      <symbol id="sm-6e4">
         <name>PMM_setVCoreDown</name>
         <value>0xc95a</value>
         <object_component_ref idref="oc-18f"/>
      </symbol>
      <symbol id="sm-6e5">
         <name>PMM_setVCoreUp</name>
         <value>0xc568</value>
         <object_component_ref idref="oc-194"/>
      </symbol>
      <symbol id="sm-720">
         <name>GPIO_setAsOutputPin</name>
         <value>0xcd8a</value>
         <object_component_ref idref="oc-1a0"/>
      </symbol>
      <symbol id="sm-721">
         <name>GPIO_setOutputLowOnPin</name>
         <value>0xd024</value>
         <object_component_ref idref="oc-1a5"/>
      </symbol>
      <symbol id="sm-722">
         <name>GPIO_setAsPeripheralModuleFunctionOutputPin</name>
         <value>0xcdfc</value>
         <object_component_ref idref="oc-28f"/>
      </symbol>
      <symbol id="sm-76d">
         <name>DMA_setSrcAddress</name>
         <value>0xd8a0</value>
         <object_component_ref idref="oc-398"/>
      </symbol>
      <symbol id="sm-76e">
         <name>DMA_disableTransferDuringReadModifyWrite</name>
         <value>0xdd1a</value>
         <object_component_ref idref="oc-393"/>
      </symbol>
      <symbol id="sm-76f">
         <name>DMA_setDstAddress</name>
         <value>0xd834</value>
         <object_component_ref idref="oc-39d"/>
      </symbol>
      <symbol id="sm-770">
         <name>DMA_enableTransfers</name>
         <value>0xdcc4</value>
         <object_component_ref idref="oc-3ac"/>
      </symbol>
      <symbol id="sm-771">
         <name>DMA_disableTransfers</name>
         <value>0xdcb8</value>
         <object_component_ref idref="oc-3bb"/>
      </symbol>
      <symbol id="sm-772">
         <name>DMA_startTransfer</name>
         <value>0xdcf4</value>
         <object_component_ref idref="oc-3b1"/>
      </symbol>
      <symbol id="sm-773">
         <name>DMA_setTransferSize</name>
         <value>0xdcd0</value>
         <object_component_ref idref="oc-3a7"/>
      </symbol>
      <symbol id="sm-774">
         <name>DMA_getInterruptStatus</name>
         <value>0xdc8c</value>
         <object_component_ref idref="oc-3b6"/>
      </symbol>
      <symbol id="sm-775">
         <name>DMA_enableTransferDuringReadModifyWrite</name>
         <value>0xdd20</value>
         <object_component_ref idref="oc-3a2"/>
      </symbol>
      <symbol id="sm-776">
         <name>DMA_init</name>
         <value>0xd08a</value>
         <object_component_ref idref="oc-316"/>
      </symbol>
      <symbol id="sm-791">
         <name>__TI_int61</name>
         <value>0xfffa</value>
         <object_component_ref idref="oc-81"/>
      </symbol>
      <symbol id="sm-792">
         <name>UNMI_ISR</name>
         <value>0xd600</value>
         <object_component_ref idref="oc-b3"/>
      </symbol>
      <symbol id="sm-793">
         <name>main</name>
         <value>0xd30a</value>
         <object_component_ref idref="oc-a3"/>
      </symbol>
      <symbol id="sm-7a6">
         <name>initPorts</name>
         <value>0xcba4</value>
         <object_component_ref idref="oc-eb"/>
      </symbol>
      <symbol id="sm-7a7">
         <name>initClocks</name>
         <value>0xd2b4</value>
         <object_component_ref idref="oc-f0"/>
      </symbol>
      <symbol id="sm-7b5">
         <name>_c_int00_noexit</name>
         <value>0xdb2e</value>
         <object_component_ref idref="oc-71"/>
      </symbol>
      <symbol id="sm-7b6">
         <name>_c_int00</name>
         <value>0xdb2e</value>
         <object_component_ref idref="oc-71"/>
      </symbol>
      <symbol id="sm-7b7">
         <name>_stack</name>
         <value>0x3360</value>
         <object_component_ref idref="oc-92"/>
      </symbol>
      <symbol id="sm-7b8">
         <name>_reset_vector</name>
         <value>0xfffe</value>
         <object_component_ref idref="oc-94"/>
      </symbol>
      <symbol id="sm-7c8">
         <name>__TI_decompress_none</name>
         <value>0xd7c0</value>
         <object_component_ref idref="oc-83"/>
      </symbol>
      <symbol id="sm-7ea">
         <name>__TI_decompress_rle24</name>
         <value>0xdc9c</value>
         <object_component_ref idref="oc-8d"/>
      </symbol>
      <symbol id="sm-7fc">
         <name>__TI_zero_init</name>
         <value>0xd706</value>
         <object_component_ref idref="oc-88"/>
      </symbol>
      <symbol id="sm-806">
         <name>__memcpy_far</name>
         <value>0xd688</value>
         <object_component_ref idref="oc-b8"/>
      </symbol>
      <symbol id="sm-816">
         <name>__mspabi_remul</name>
         <value>0xd204</value>
         <object_component_ref idref="oc-1b0"/>
      </symbol>
      <symbol id="sm-817">
         <name>__mspabi_divul</name>
         <value>0xd204</value>
         <object_component_ref idref="oc-1b0"/>
      </symbol>
      <symbol id="sm-820">
         <name>C$$EXIT</name>
         <value>0xdd6a</value>
         <object_component_ref idref="oc-a8"/>
      </symbol>
      <symbol id="sm-821">
         <name>abort</name>
         <value>0xdd6a</value>
         <object_component_ref idref="oc-a8"/>
      </symbol>
      <symbol id="sm-824">
         <name>__TI_int41</name>
         <value>0xffd2</value>
         <object_component_ref idref="oc-68"/>
      </symbol>
      <symbol id="sm-827">
         <name>__TI_int42</name>
         <value>0xffd4</value>
         <object_component_ref idref="oc-69"/>
      </symbol>
      <symbol id="sm-82a">
         <name>__TI_int43</name>
         <value>0xffd6</value>
         <object_component_ref idref="oc-6a"/>
      </symbol>
      <symbol id="sm-82d">
         <name>__TI_int44</name>
         <value>0xffd8</value>
         <object_component_ref idref="oc-6b"/>
      </symbol>
      <symbol id="sm-830">
         <name>__TI_int45</name>
         <value>0xffda</value>
         <object_component_ref idref="oc-6c"/>
      </symbol>
      <symbol id="sm-833">
         <name>__TI_int46</name>
         <value>0xffdc</value>
         <object_component_ref idref="oc-6d"/>
      </symbol>
      <symbol id="sm-836">
         <name>__TI_int47</name>
         <value>0xffde</value>
         <object_component_ref idref="oc-6e"/>
      </symbol>
      <symbol id="sm-839">
         <name>__TI_int48</name>
         <value>0xffe0</value>
         <object_component_ref idref="oc-6f"/>
      </symbol>
      <symbol id="sm-83c">
         <name>__TI_int49</name>
         <value>0xffe2</value>
         <object_component_ref idref="oc-70"/>
      </symbol>
      <symbol id="sm-83f">
         <name>__TI_int50</name>
         <value>0xffe4</value>
         <object_component_ref idref="oc-76"/>
      </symbol>
      <symbol id="sm-842">
         <name>__TI_int52</name>
         <value>0xffe8</value>
         <object_component_ref idref="oc-78"/>
      </symbol>
      <symbol id="sm-845">
         <name>__TI_int53</name>
         <value>0xffea</value>
         <object_component_ref idref="oc-79"/>
      </symbol>
      <symbol id="sm-848">
         <name>__TI_int54</name>
         <value>0xffec</value>
         <object_component_ref idref="oc-7a"/>
      </symbol>
      <symbol id="sm-84b">
         <name>__TI_int55</name>
         <value>0xffee</value>
         <object_component_ref idref="oc-7b"/>
      </symbol>
      <symbol id="sm-84e">
         <name>__TI_int56</name>
         <value>0xfff0</value>
         <object_component_ref idref="oc-7c"/>
      </symbol>
      <symbol id="sm-851">
         <name>__TI_int57</name>
         <value>0xfff2</value>
         <object_component_ref idref="oc-7d"/>
      </symbol>
      <symbol id="sm-854">
         <name>__TI_int58</name>
         <value>0xfff4</value>
         <object_component_ref idref="oc-7e"/>
      </symbol>
      <symbol id="sm-857">
         <name>__TI_int59</name>
         <value>0xfff6</value>
         <object_component_ref idref="oc-7f"/>
      </symbol>
      <symbol id="sm-85a">
         <name>__TI_int60</name>
         <value>0xfff8</value>
         <object_component_ref idref="oc-80"/>
      </symbol>
      <symbol id="sm-85d">
         <name>__TI_int62</name>
         <value>0xfffc</value>
         <object_component_ref idref="oc-82"/>
      </symbol>
      <symbol id="sm-864">
         <name>__TI_ISR_TRAP</name>
         <value>0xdd32</value>
         <object_component_ref idref="oc-95"/>
      </symbol>
      <symbol id="sm-86c">
         <name>__mspabi_slli</name>
         <value>0xdcfe</value>
         <object_component_ref idref="oc-2af"/>
      </symbol>
      <symbol id="sm-873">
         <name>__mspabi_slll_9</name>
         <value>0xd75c</value>
         <object_component_ref idref="oc-2d9"/>
      </symbol>
      <symbol id="sm-874">
         <name>__mspabi_slll_8</name>
         <value>0xd760</value>
         <object_component_ref idref="oc-2d9"/>
      </symbol>
      <symbol id="sm-875">
         <name>__mspabi_slll_7</name>
         <value>0xd764</value>
         <object_component_ref idref="oc-2d9"/>
      </symbol>
      <symbol id="sm-876">
         <name>__mspabi_slll_6</name>
         <value>0xd768</value>
         <object_component_ref idref="oc-2d9"/>
      </symbol>
      <symbol id="sm-877">
         <name>__mspabi_slll_5</name>
         <value>0xd76c</value>
         <object_component_ref idref="oc-2d9"/>
      </symbol>
      <symbol id="sm-878">
         <name>__mspabi_slll_4</name>
         <value>0xd770</value>
         <object_component_ref idref="oc-2d9"/>
      </symbol>
      <symbol id="sm-879">
         <name>__mspabi_slll_3</name>
         <value>0xd774</value>
         <object_component_ref idref="oc-2d9"/>
      </symbol>
      <symbol id="sm-87a">
         <name>__mspabi_slll_2</name>
         <value>0xd778</value>
         <object_component_ref idref="oc-2d9"/>
      </symbol>
      <symbol id="sm-87b">
         <name>__mspabi_slll_1</name>
         <value>0xd77c</value>
         <object_component_ref idref="oc-2d9"/>
      </symbol>
      <symbol id="sm-87c">
         <name>__mspabi_slll_15</name>
         <value>0xd744</value>
         <object_component_ref idref="oc-2d9"/>
      </symbol>
      <symbol id="sm-87d">
         <name>__mspabi_slll_14</name>
         <value>0xd748</value>
         <object_component_ref idref="oc-2d9"/>
      </symbol>
      <symbol id="sm-87e">
         <name>__mspabi_slll_13</name>
         <value>0xd74c</value>
         <object_component_ref idref="oc-2d9"/>
      </symbol>
      <symbol id="sm-87f">
         <name>__mspabi_slll_12</name>
         <value>0xd750</value>
         <object_component_ref idref="oc-2d9"/>
      </symbol>
      <symbol id="sm-880">
         <name>__mspabi_slll_11</name>
         <value>0xd754</value>
         <object_component_ref idref="oc-2d9"/>
      </symbol>
      <symbol id="sm-881">
         <name>__mspabi_slll_10</name>
         <value>0xd758</value>
         <object_component_ref idref="oc-2d9"/>
      </symbol>
      <symbol id="sm-889">
         <name>__mspabi_srli</name>
         <value>0xdd08</value>
         <object_component_ref idref="oc-2c4"/>
      </symbol>
      <symbol id="sm-890">
         <name>__mspabi_srll_8</name>
         <value>0xd79e</value>
         <object_component_ref idref="oc-1b4"/>
      </symbol>
      <symbol id="sm-891">
         <name>__mspabi_srll_9</name>
         <value>0xd79a</value>
         <object_component_ref idref="oc-1b4"/>
      </symbol>
      <symbol id="sm-892">
         <name>__mspabi_srll_6</name>
         <value>0xd7a6</value>
         <object_component_ref idref="oc-1b4"/>
      </symbol>
      <symbol id="sm-893">
         <name>__mspabi_srll_7</name>
         <value>0xd7a2</value>
         <object_component_ref idref="oc-1b4"/>
      </symbol>
      <symbol id="sm-894">
         <name>__mspabi_srll_4</name>
         <value>0xd7ae</value>
         <object_component_ref idref="oc-1b4"/>
      </symbol>
      <symbol id="sm-895">
         <name>__mspabi_srll_5</name>
         <value>0xd7aa</value>
         <object_component_ref idref="oc-1b4"/>
      </symbol>
      <symbol id="sm-896">
         <name>__mspabi_srll_2</name>
         <value>0xd7b6</value>
         <object_component_ref idref="oc-1b4"/>
      </symbol>
      <symbol id="sm-897">
         <name>__mspabi_srll_3</name>
         <value>0xd7b2</value>
         <object_component_ref idref="oc-1b4"/>
      </symbol>
      <symbol id="sm-898">
         <name>__mspabi_srll_1</name>
         <value>0xd7ba</value>
         <object_component_ref idref="oc-1b4"/>
      </symbol>
      <symbol id="sm-899">
         <name>__mspabi_srll_15</name>
         <value>0xd782</value>
         <object_component_ref idref="oc-1b4"/>
      </symbol>
      <symbol id="sm-89a">
         <name>__mspabi_srll_14</name>
         <value>0xd786</value>
         <object_component_ref idref="oc-1b4"/>
      </symbol>
      <symbol id="sm-89b">
         <name>__mspabi_srll_13</name>
         <value>0xd78a</value>
         <object_component_ref idref="oc-1b4"/>
      </symbol>
      <symbol id="sm-89c">
         <name>__mspabi_srll_12</name>
         <value>0xd78e</value>
         <object_component_ref idref="oc-1b4"/>
      </symbol>
      <symbol id="sm-89d">
         <name>__mspabi_srll_11</name>
         <value>0xd792</value>
         <object_component_ref idref="oc-1b4"/>
      </symbol>
      <symbol id="sm-89e">
         <name>__mspabi_srll_10</name>
         <value>0xd796</value>
         <object_component_ref idref="oc-1b4"/>
      </symbol>
      <symbol id="sm-8ac">
         <name>memset</name>
         <value>0xdc18</value>
         <object_component_ref idref="oc-2bb"/>
      </symbol>
      <symbol id="sm-8b3">
         <name>__mspabi_mpyi_f5hw</name>
         <value>0xdbae</value>
         <object_component_ref idref="oc-23c"/>
      </symbol>
      <symbol id="sm-8bc">
         <name>_system_pre_init</name>
         <value>0xdd66</value>
         <object_component_ref idref="oc-99"/>
      </symbol>
      <symbol id="sm-8d3">
         <name>_auto_init</name>
         <value>0xce6e</value>
         <object_component_ref idref="oc-9e"/>
      </symbol>
      <symbol id="sm-8d4">
         <name>__TI_exit</name>
         <value>0x1</value>
      </symbol>
      <symbol id="sm-8d5">
         <name>__TI_args_main</name>
         <value>0x1</value>
      </symbol>
      <symbol id="sm-8d6">
         <name>__TI_INITARRAY_Base</name>
         <value>0x0</value>
      </symbol>
      <symbol id="sm-8d7">
         <name>__TI_INITARRAY_Limit</name>
         <value>0x0</value>
      </symbol>
   </symbol_table>
   <title>Link successful</title>
</link_info>
